Java HotSpot(TM) 64-Bit Server VM (25.152-b16) for bsd-amd64 JRE (1.8.0_152-b16), built on Sep 14 2017 02:31:13 by "java_re" with gcc 4.2.1 (Based on Apple Inc. build 5658) (LLVM build 2336.11.00)
Memory: 4k page, physical 8388608k(87900k free)

/proc/meminfo:

CommandLine flags: -XX:InitialHeapSize=134217728 -XX:MaxHeapSize=2147483648 -XX:+PrintGC -XX:+PrintGCDateStamps -XX:+PrintGCDetails -XX:+PrintGCTimeStamps -XX:+UseCompressedClassPointers -XX:+UseCompressedOops -XX:+UseParallelGC 
2017-12-27T11:51:03.739-0800: 0.368: [GC (System.gc()) [PSYoungGen: 7435K->4720K(38400K)] 7435K->4728K(125952K), 0.0088854 secs] [Times: user=0.00 sys=0.00, real=0.01 secs] 
2017-12-27T11:51:03.748-0800: 0.377: [Full GC (System.gc()) [PSYoungGen: 4720K->0K(38400K)] [ParOldGen: 8K->4613K(87552K)] 4728K->4613K(125952K), [Metaspace: 3280K->3280K(1056768K)], 0.0171465 secs] [Times: user=0.01 sys=0.01, real=0.02 secs] 
Heap
 PSYoungGen      total 38400K, used 333K [0x0000000795580000, 0x0000000798000000, 0x00000007c0000000)
  eden space 33280K, 1% used [0x0000000795580000,0x00000007955d34a8,0x0000000797600000)
  from space 5120K, 0% used [0x0000000797600000,0x0000000797600000,0x0000000797b00000)
  to   space 5120K, 0% used [0x0000000797b00000,0x0000000797b00000,0x0000000798000000)
 ParOldGen       total 87552K, used 4613K [0x0000000740000000, 0x0000000745580000, 0x0000000795580000)
  object space 87552K, 5% used [0x0000000740000000,0x0000000740481690,0x0000000745580000)
 Metaspace       used 3287K, capacity 4496K, committed 4864K, reserved 1056768K
  class space    used 360K, capacity 388K, committed 512K, reserved 1048576K
