Java HotSpot(TM) 64-Bit Server VM (25.152-b16) for bsd-amd64 JRE (1.8.0_152-b16), built on Sep 14 2017 02:31:13 by "java_re" with gcc 4.2.1 (Based on Apple Inc. build 5658) (LLVM build 2336.11.00)
Memory: 4k page, physical 8388608k(206472k free)

/proc/meminfo:

CommandLine flags: -XX:InitialHeapSize=20971520 -XX:MaxHeapSize=20971520 -XX:MaxNewSize=10485760 -XX:MaxTenuringThreshold=15 -XX:NewSize=10485760 -XX:+PrintGC -XX:+PrintGCDetails -XX:+PrintGCTimeStamps -XX:+PrintTenuringDistribution -XX:SurvivorRatio=8 -XX:-UseCompressedClassPointers -XX:-UseCompressedOops -XX:+UseSerialGC 
0.281: [GC (Allocation Failure) 0.281: [DefNew
Desired survivor size 524288 bytes, new threshold 1 (max 15)
- age   1:    1048576 bytes,    1048576 total
: 7158K->1024K(9216K), 0.0073013 secs] 7158K->5326K(19456K), 0.0074506 secs] [Times: user=0.01 sys=0.01, real=0.00 secs] 
0.290: [GC (Allocation Failure) 0.290: [DefNew
Desired survivor size 524288 bytes, new threshold 15 (max 15)
: 5120K->0K(9216K), 0.0034517 secs] 9422K->5326K(19456K), 0.0035425 secs] [Times: user=0.00 sys=0.00, real=0.01 secs] 
Heap
 def new generation   total 9216K, used 4178K [0x0000000110800000, 0x0000000111200000, 0x0000000111200000)
  eden space 8192K,  51% used [0x0000000110800000, 0x0000000110c14970, 0x0000000111000000)
  from space 1024K,   0% used [0x0000000111000000, 0x0000000111000000, 0x0000000111100000)
  to   space 1024K,   0% used [0x0000000111100000, 0x0000000111100000, 0x0000000111200000)
 tenured generation   total 10240K, used 5326K [0x0000000111200000, 0x0000000111c00000, 0x0000000111c00000)
   the space 10240K,  52% used [0x0000000111200000, 0x00000001117339c8, 0x0000000111733a00, 0x0000000111c00000)
 Metaspace       used 3303K, capacity 4112K, committed 4352K, reserved 8192K
