Java HotSpot(TM) 64-Bit Server VM (25.152-b16) for bsd-amd64 JRE (1.8.0_152-b16), built on Sep 14 2017 02:31:13 by "java_re" with gcc 4.2.1 (Based on Apple Inc. build 5658) (LLVM build 2336.11.00)
Memory: 4k page, physical 8388608k(229412k free)

/proc/meminfo:

CommandLine flags: -XX:InitialHeapSize=20971520 -XX:InitialTenuringThreshold=1 -XX:MaxHeapSize=20971520 -XX:MaxNewSize=10485760 -XX:MaxTenuringThreshold=1 -XX:NewSize=10485760 -XX:+PrintGC -XX:+PrintGCDetails -XX:+PrintGCTimeStamps -XX:+PrintTenuringDistribution -XX:SurvivorRatio=8 -XX:-UseCompressedClassPointers -XX:-UseCompressedOops -XX:+UseSerialGC 
0.220: [GC (Allocation Failure) 0.220: [DefNew
Desired survivor size 524288 bytes, new threshold 1 (max 1)
- age   1:     972088 bytes,     972088 total
: 6902K->949K(9216K), 0.0068881 secs] 6902K->5045K(19456K), 0.0070786 secs] [Times: user=0.00 sys=0.00, real=0.00 secs] 
0.228: [GC (Allocation Failure) 0.228: [DefNew
Desired survivor size 524288 bytes, new threshold 1 (max 1)
- age   1:       2992 bytes,       2992 total
: 5129K->2K(9216K), 0.0019897 secs] 9225K->5018K(19456K), 0.0020846 secs] [Times: user=0.00 sys=0.00, real=0.01 secs] 
Heap
 def new generation   total 9216K, used 4236K [0x0000000117200000, 0x0000000117c00000, 0x0000000117c00000)
  eden space 8192K,  51% used [0x0000000117200000, 0x00000001176227d0, 0x0000000117a00000)
  from space 1024K,   0% used [0x0000000117a00000, 0x0000000117a00bb0, 0x0000000117b00000)
  to   space 1024K,   0% used [0x0000000117b00000, 0x0000000117b00000, 0x0000000117c00000)
 tenured generation   total 10240K, used 5015K [0x0000000117c00000, 0x0000000118600000, 0x0000000118600000)
   the space 10240K,  48% used [0x0000000117c00000, 0x00000001180e5fe8, 0x00000001180e6000, 0x0000000118600000)
 Metaspace       used 3288K, capacity 4112K, committed 4352K, reserved 8192K
