Java HotSpot(TM) 64-Bit Server VM (25.152-b16) for bsd-amd64 JRE (1.8.0_152-b16), built on Sep 14 2017 02:31:13 by "java_re" with gcc 4.2.1 (Based on Apple Inc. build 5658) (LLVM build 2336.11.00)
Memory: 4k page, physical 8388608k(232432k free)

/proc/meminfo:

CommandLine flags: -XX:InitialHeapSize=20971520 -XX:MaxHeapSize=20971520 -XX:MaxNewSize=10485760 -XX:MaxTenuringThreshold=15 -XX:NewSize=10485760 -XX:+PrintGC -XX:+PrintGCDetails -XX:+PrintGCTimeStamps -XX:+PrintTenuringDistribution -XX:SurvivorRatio=8 -XX:-UseCompressedClassPointers -XX:-UseCompressedOops -XX:+UseSerialGC 
0.305: [GC (Allocation Failure) 0.305: [DefNew
Desired survivor size 524288 bytes, new threshold 1 (max 15)
- age   1:     976104 bytes,     976104 total
: 6902K->953K(9216K), 0.0034486 secs] 6902K->953K(19456K), 0.0036413 secs] [Times: user=0.01 sys=0.00, real=0.00 secs] 
Heap
 def new generation   total 9216K, used 5215K [0x000000011b400000, 0x000000011be00000, 0x000000011be00000)
  eden space 8192K,  52% used [0x000000011b400000, 0x000000011b8299b0, 0x000000011bc00000)
  from space 1024K,  93% used [0x000000011bd00000, 0x000000011bdee4e8, 0x000000011be00000)
  to   space 1024K,   0% used [0x000000011bc00000, 0x000000011bc00000, 0x000000011bd00000)
 tenured generation   total 10240K, used 0K [0x000000011be00000, 0x000000011c800000, 0x000000011c800000)
   the space 10240K,   0% used [0x000000011be00000, 0x000000011be00000, 0x000000011be00200, 0x000000011c800000)
 Metaspace       used 3298K, capacity 4112K, committed 4352K, reserved 8192K
